8006:   /usr/local/bin/leafpad
Address           Kbytes     RSS   Dirty Mode  Mapping
00005654d041c000       8       8       0 r---- leafpad
00005654d041e000       8       8       0 r-x-- leafpad
00005654d0420000       4       4       0 r---- leafpad
00005654d0421000       4       4       4 r---- leafpad
00005654d0422000       4       4       4 rw--- leafpad
0000565504679000    1368    1172    1172 rw---   [ anon ]
00007552ca085000     504     128       0 r---- NotoSans-Regular.ttf
00007552ca103000      56      56       0 r--s- a4e60e8d1e10d2fdff3fe3037a1845fb-le64.cache-9
00007552ca111000     376     376       0 r--s- 2300eef321c393bfd76478a5c0e95b23-le64.cache-9
00007552ca16f000       4       4       0 r--s- 0d8c3b2ac0904cb8a57a757ad11a4a08-le64.cache-9
00007552ca170000     100     100       0 r--s- 04aabc0a78ac019cf9454389977116d2-le64.cache-9
00007552ca189000       4       4       0 r--s- 1ac9eb803944fde146138c791f5cc56a-le64.cache-9
00007552ca18a000      36      36       0 r--s- 2151c34eae6ab8b65f2db52eba5f75d1-le64.cache-9
00007552ca193000       4       4       0 r--s- dc05db6664285cc2f12bf69c139ae4c3-le64.cache-9
00007552ca194000       8       8       0 r--s- 14a5e22175779b556eaa434240950366-le64.cache-9
00007552ca196000       4       4       0 r--s- 660208299946a285a940457d1287da33-le64.cache-9
00007552ca197000       8       8       0 r--s- 4f3e3037c9980c83b53a9351efadef62-le64.cache-9
00007552ca199000       8       8       0 r--s- 767a8244fc0220cfb567a839d0392e0b-le64.cache-9
00007552ca19b000     468     468       0 r--s- 0bd3dc0958fa2205aaaa8ebb13e2872b-le64.cache-9
00007552ca210000      20      20       0 r--s- def309198bfa603429122923fa2bb2d4-le64.cache-9
00007552ca215000      20      20       0 r--s- c57959a16110560c8d0fcea73374aeeb-le64.cache-9
00007552ca21a000       4       4       0 r--s- b872e6e592da6075ffa4ab0a1fcc0c75-le64.cache-9
00007552ca21b000       4       4       0 r--s- f6d4eedfaab2589bde49f7a3ff831d22-le64.cache-9
00007552ca21c000       4       4       0 r--s- 589f83ef4c36d296ce6e1c846f468f08-le64.cache-9
00007552ca21d000       4       4       0 r--s- bab58bb527bb656aaa9f116d68a48d89-le64.cache-9
00007552ca21e000       4       4       0 r--s- 2171a34dccabdb6bcbbc728186263178-le64.cache-9
00007552ca21f000       4       4       0 r--s- c5c45a61289222e0d30b1a26ef4effbe-le64.cache-9
00007552ca220000       4       4       0 r--s- aec30016f93e1b46d1a973dce0d74068-le64.cache-9
00007552ca221000       4       4       0 r--s- 3f589640d34b7dc9042c8d453f7c8b9c-le64.cache-9
00007552ca222000       4       4       0 r--s- 16c2fda60d1b4b719f4b3d06fd951d25-le64.cache-9
00007552ca223000       4       4       0 r--s- a48eab177a16e4f3713381162db2f3e9-le64.cache-9
00007552ca224000       4       4       0 r--s- 564b2e68ac9bc4e36a6f7f6d6125ec1c-le64.cache-9
00007552ca225000       4       4       0 r--s- da43223dd54fb3bb4243ae19d4b583b2-le64.cache-9
00007552ca226000      32      32       0 r--s- 3047814df9a2f067bd2d96a2b9c36e5a-le64.cache-9
00007552ca22e000       4       4       0 r--s- 56cf4f4769d0f4abc89a4895d7bd3ae1-le64.cache-9
00007552ca22f000       4       4       0 r--s- b9d506c9ac06c20b433354fa67a72993-le64.cache-9
00007552ca230000      28      28       0 r--s- b47c4e1ecd0709278f4910c18777a504-le64.cache-9
00007552ca237000      12      12       0 r--s- a0107c79d978dfcc5e42cb1335b71036-le64.cache-9
00007552ca23a000      92      92       0 r--s- d52a8644073d54c13679302ca1180695-le64.cache-9
00007552ca251000      28      28       0 r--s- 7ab2eb8330e5664a2b0e875ad8d37ad9-le64.cache-9
00007552ca258000       4       4       0 r--s- 370e5b74bf5dafc30834de68e24a87a4-le64.cache-9
00007552ca259000       4       4       0 r--s- 6b2c5944714ca7831b25bed9e85cb5c8-le64.cache-9
00007552ca25a000       4       4       0 r--s- d5178ab6d91b49bf20a416737dcea9e8-le64.cache-9
00007552ca25b000       4       4       0 r--s- 551ecf3b0e8b0bca0f25c0944f561853-le64.cache-9
00007552ca25c000      12      12       0 r--s- f259c2cffa685e28062317905db73c4a-le64.cache-9
00007552ca25f000       8       8       0 r--s- 550f3886151c940c12a5ed35f6a00586-le64.cache-9
00007552ca261000     308     288     288 rw---   [ anon ]
00007552ca2ae000      12      12       0 r--s- 674d1711f2d1d2a09646eb0bdcadee49-le64.cache-9
00007552ca2b1000       4       4       0 r--s- 3f7329c5293ffd510edef78f73874cfd-le64.cache-9
00007552ca2b2000      52      52       0 r--s- d589a48862398ed80a3d6066f4f56f4c-le64.cache-9
00007552ca2bf000       8       8       0 r--s- 9847559ead66962bfc5feeee9f80d7a0-le64.cache-9
00007552ca2c1000       4       4       0 r--s- 30829fa25452a46451e813d634d7f916-le64.cache-9
00007552ca2c2000       4       4       0 r--s- 0c9eb80ebd1c36541ebe2852d3bb0c49-le64.cache-9
00007552ca2c3000       4       4       0 r--s- 22368d551a680bfe5a62c02760edf4ea-le64.cache-9
00007552ca2c4000       4       4       0 r--s- 4d9c95eba1cb85bbcf2878543262124a-le64.cache-9
00007552ca2c5000       4       4       0 r--s- 85e0a52ce643a7ba2ae53e5d6949cead-le64.cache-9
00007552ca2c6000       4       4       0 r--s- 49f0de54bdd920fe4f0dfd4cbac43e6b-le64.cache-9
00007552ca2c7000      64      64       0 r--s- 6cc790b63b123a6a96ee260fcdad32a9-le64.cache-9
00007552ca2d7000      68      68       0 r--s- 9b89f8e3dae116d678bbf48e5f21f69b-le64.cache-9
00007552ca2e8000      68      68       0 r--s- e13b20fdb08344e0e664864cc2ede53d-le64.cache-9
00007552ca2f9000     148     148       0 r--s- 467c019e582ee353435ea5c21d137ef6-le64.cache-9
00007552ca31e000     356     128       0 r---- LC_CTYPE
00007552ca377000       8       8       0 r---- libmd.so.0.1.0
00007552ca379000      36      20       0 r-x-- libmd.so.0.1.0
00007552ca382000       8       0       0 r---- libmd.so.0.1.0
00007552ca384000       4       4       4 r---- libmd.so.0.1.0
00007552ca385000       4       4       4 rw--- libmd.so.0.1.0
00007552ca386000      16      16       0 r---- libbsd.so.0.12.1
00007552ca38a000      48      48       0 r-x-- libbsd.so.0.12.1
00007552ca396000      12       0       0 r---- libbsd.so.0.12.1
00007552ca399000       4       4       4 r---- libbsd.so.0.12.1
00007552ca39a000       4       4       4 rw--- libbsd.so.0.12.1
00007552ca39b000       4       0       0 rw---   [ anon ]
00007552ca39c000       4       4       0 r---- libbrotlicommon.so.1.1.0
00007552ca39d000       4       4       0 r-x-- libbrotlicommon.so.1.1.0
00007552ca39e000     124       0       0 r---- libbrotlicommon.so.1.1.0
00007552ca3bd000       4       4       4 r---- libbrotlicommon.so.1.1.0
00007552ca3be000       4       4       4 rw--- libbrotlicommon.so.1.1.0
00007552ca3bf000      20      20       0 r---- libpng16.so.16.43.0
00007552ca3c4000     160      64       0 r-x-- libpng16.so.16.43.0
00007552ca3ec000      36       0       0 r---- libpng16.so.16.43.0
00007552ca3f5000       4       4       4 r---- libpng16.so.16.43.0
00007552ca3f6000       4       4       4 rw--- libpng16.so.16.43.0
00007552ca3f7000      52      52       0 r---- libfreetype.so.6.20.1
00007552ca404000     580     580       0 r-x-- libfreetype.so.6.20.1
00007552ca495000     152      64       0 r---- libfreetype.so.6.20.1
00007552ca4bb000      28      28      28 r---- libfreetype.so.6.20.1
00007552ca4c2000       4       4       4 rw--- libfreetype.so.6.20.1
00007552ca4c3000     100     100       0 r---- libX11.so.6.4.0
00007552ca4dc000     576     512       0 r-x-- libX11.so.6.4.0
00007552ca56c000     572     208       0 r---- libX11.so.6.4.0
00007552ca5fb000       4       4       4 r---- libX11.so.6.4.0
00007552ca5fc000      16      16      16 rw--- libX11.so.6.4.0
00007552ca600000     160     160       0 r---- libc.so.6
00007552ca628000    1568    1248       0 r-x-- libc.so.6
00007552ca7b0000     316     192       0 r---- libc.so.6
00007552ca7ff000      16      16      16 r---- libc.so.6
00007552ca803000       8       8       8 rw--- libc.so.6
00007552ca805000      52      20      20 rw---   [ anon ]
00007552ca812000      16      16       0 r--s- 6afa1bb216ce958c1589e297e8008489-le64.cache-9
00007552ca816000      24      24      24 rw---   [ anon ]
00007552ca81c000       8       8       0 r---- libXdmcp.so.6.0.0
00007552ca81e000       8       8       0 r-x-- libXdmcp.so.6.0.0
00007552ca820000       8       0       0 r---- libXdmcp.so.6.0.0
00007552ca822000       4       4       4 r---- libXdmcp.so.6.0.0
00007552ca823000       4       4       4 rw--- libXdmcp.so.6.0.0
00007552ca824000       8       8       8 rw---   [ anon ]
00007552ca826000       4       4       0 r---- libXau.so.6.0.0
00007552ca827000       8       8       0 r-x-- libXau.so.6.0.0
00007552ca829000       4       4       0 r---- libXau.so.6.0.0
00007552ca82a000       4       4       4 r---- libXau.so.6.0.0
00007552ca82b000       4       4       4 rw--- libXau.so.6.0.0
00007552ca82c000       4       4       0 r---- libbrotlidec.so.1.1.0
00007552ca82d000      32      16       0 r-x-- libbrotlidec.so.1.1.0
00007552ca835000      12       0       0 r---- libbrotlidec.so.1.1.0
00007552ca838000       4       4       4 r---- libbrotlidec.so.1.1.0
00007552ca839000       4       4       4 rw--- libbrotlidec.so.1.1.0
00007552ca83a000       8       8       0 r---- libbz2.so.1.0.4
00007552ca83c000      56      40       0 r-x-- libbz2.so.1.0.4
00007552ca84a000       8       0       0 r---- libbz2.so.1.0.4
00007552ca84c000       4       4       4 r---- libbz2.so.1.0.4
00007552ca84d000       4       4       4 rw--- libbz2.so.1.0.4
00007552ca84e000       8       8       0 r---- libz.so.1.3
00007552ca850000      72      64       0 r-x-- libz.so.1.3
00007552ca862000      24       0       0 r---- libz.so.1.3
00007552ca868000       4       4       4 r---- libz.so.1.3
00007552ca869000       4       4       4 rw--- libz.so.1.3
00007552ca86a000       8       8       8 rw---   [ anon ]
00007552ca86c000      16      16       0 r---- libexpat.so.1.9.1
00007552ca870000     116     116       0 r-x-- libexpat.so.1.9.1
00007552ca88d000      32      32       0 r---- libexpat.so.1.9.1
00007552ca895000       8       8       8 r---- libexpat.so.1.9.1
00007552ca897000       4       4       4 rw--- libexpat.so.1.9.1
00007552ca898000      16      16       0 r---- libgcc_s.so.1
00007552ca89c000     144      64       0 r-x-- libgcc_s.so.1
00007552ca8c0000      16      16       0 r---- libgcc_s.so.1
00007552ca8c4000       4       4       4 r---- libgcc_s.so.1
00007552ca8c5000       4       4       4 rw--- libgcc_s.so.1
00007552ca8c6000      64      64       0 r---- libm.so.6
00007552ca8d6000     508     360       0 r-x-- libm.so.6
00007552ca955000     352     128       0 r---- libm.so.6
00007552ca9ad000       4       4       4 r---- libm.so.6
00007552ca9ae000       4       4       4 rw--- libm.so.6
00007552ca9af000      32      32       0 r---- libfontconfig.so.1.12.1
00007552ca9b7000     188     188       0 r-x-- libfontconfig.so.1.12.1
00007552ca9e6000      92      92       0 r---- libfontconfig.so.1.12.1
00007552ca9fd000       8       8       8 r---- libfontconfig.so.1.12.1
00007552ca9ff000       4       4       4 rw--- libfontconfig.so.1.12.1
00007552caa00000     628     628       0 r---- libstdc++.so.6.0.33
00007552caa9d000    1312     704       0 r-x-- libstdc++.so.6.0.33
00007552cabe5000     540      64       0 r---- libstdc++.so.6.0.33
00007552cac6c000      44      44      44 r---- libstdc++.so.6.0.33
00007552cac77000      12      12      12 rw--- libstdc++.so.6.0.33
00007552cac7a000      16      12      12 rw---   [ anon ]
00007552cac7e000      44      44       0 r---- libxcb.so.1.1.0
00007552cac89000      76      76       0 r-x-- libxcb.so.1.1.0
00007552cac9c000      36      36       0 r---- libxcb.so.1.1.0
00007552caca5000       4       4       4 r---- libxcb.so.1.1.0
00007552caca6000       4       4       4 rw--- libxcb.so.1.1.0
00007552caca7000       8       8       8 rw---   [ anon ]
00007552caca9000       4       4       0 r---- libXinerama.so.1.0.0
00007552cacaa000       4       4       0 r-x-- libXinerama.so.1.0.0
00007552cacab000       4       4       0 r---- libXinerama.so.1.0.0
00007552cacac000       4       4       4 r---- libXinerama.so.1.0.0
00007552cacad000       4       4       4 rw--- libXinerama.so.1.0.0
00007552cacae000      16      16       0 r---- libXft.so.2.3.6
00007552cacb2000      72      64       0 r-x-- libXft.so.2.3.6
00007552cacc4000      12      12       0 r---- libXft.so.2.3.6
00007552cacc7000       4       4       4 r---- libXft.so.2.3.6
00007552cacc8000       4       4       4 rw--- libXft.so.2.3.6
00007552cacc9000      16      16       0 r---- libXext.so.6.4.0
00007552caccd000      44      44       0 r-x-- libXext.so.6.4.0
00007552cacd8000      12      12       0 r---- libXext.so.6.4.0
00007552cacdb000       4       4       4 r---- libXext.so.6.4.0
00007552cacdc000       4       4       4 rw--- libXext.so.6.4.0
00007552cacdd000       8       8       0 r---- libXfixes.so.3.1.0
00007552cacdf000      12      12       0 r-x-- libXfixes.so.3.1.0
00007552cace2000       4       0       0 r---- libXfixes.so.3.1.0
00007552cace3000       4       4       4 r---- libXfixes.so.3.1.0
00007552cace4000       4       4       4 rw--- libXfixes.so.3.1.0
00007552cace5000       8       8       8 rw---   [ anon ]
00007552cace7000       8       8       0 r---- libXcursor.so.1.0.2
00007552cace9000      24      24       0 r-x-- libXcursor.so.1.0.2
00007552cacef000       8       8       0 r---- libXcursor.so.1.0.2
00007552cacf1000       4       4       4 r---- libXcursor.so.1.0.2
00007552cacf2000       4       4       4 rw--- libXcursor.so.1.0.2
00007552cacf3000       8       8       0 r---- libXrender.so.1.3.0
00007552cacf5000      28      28       0 r-x-- libXrender.so.1.3.0
00007552cacfc000       4       4       0 r---- libXrender.so.1.3.0
00007552cacfd000       4       4       4 r---- libXrender.so.1.3.0
00007552cacfe000       4       4       4 rw--- libXrender.so.1.3.0
00007552cacff000     264     264       0 r---- libfltk.so.1.3
00007552cad41000     588     572       0 r-x-- libfltk.so.1.3
00007552cadd4000     324      64       0 r---- libfltk.so.1.3
00007552cae25000      32      32      32 r---- libfltk.so.1.3
00007552cae2d000      12      12      12 rw--- libfltk.so.1.3
00007552cae30000      24      24      24 rw---   [ anon ]
00007552cae36000       4       4       0 r--s- f6e6e0a5c3d2f6ae0c0c2e0ecd42a997-le64.cache-9
00007552cae37000       4       4       0 r--s- 4b2eda6bb976bda485cb2176619421d5-le64.cache-9
00007552cae38000       8       8       0 r--s- e174b952f45c81266f2aa6ff2faf8204-le64.cache-9
00007552cae3a000       4       4       0 r--s- e0aa53bcfa504e64f87823c16bc01eb6-le64.cache-9
00007552cae3b000       8       8       0 r---- libXrandr.so.2.2.0
00007552cae3d000      28      28       0 r-x-- libXrandr.so.2.2.0
00007552cae44000       8       8       0 r---- libXrandr.so.2.2.0
00007552cae46000       4       4       4 r---- libXrandr.so.2.2.0
00007552cae47000       4       4       4 rw--- libXrandr.so.2.2.0
00007552cae48000      28      28       0 r--s- gconv-modules.cache
00007552cae4f000       8       8       8 rw---   [ anon ]
00007552cae51000      16       0       0 r----   [ anon ]
00007552cae55000       8       0       0 r----   [ anon ]
00007552cae57000       8       4       0 r-x--   [ anon ]
00007552cae59000       4       4       0 r---- ld-linux-x86-64.so.2
00007552cae5a000     172     172       0 r-x-- ld-linux-x86-64.so.2
00007552cae85000      40      40       0 r---- ld-linux-x86-64.so.2
00007552cae8f000       8       8       8 r---- ld-linux-x86-64.so.2
00007552cae91000       8       8       8 rw--- ld-linux-x86-64.so.2
00007ffd2a34b000     132     104     104 rw---   [ stack ]
ffffffffff600000       4       0       0 --x--   [ anon ]
---------------- ------- ------- ------- 
total kB           15924   11836    2060
